$ git checkout iss53
Switched to branch "iss53"
$ vim index.html
$ git commit -a -m 'finished the new footer [issue 53]'
[iss53 ad82d7a] finished the new footer [issue 53]
1 file changed, 1 insertion(+)


$ git add *
$ git status
On branch master
Changes to be committed:
  (use "git reset HEAD <file>..." to unstage)

    renamed:    README.md -> README
    modified:   CONTRIBUTING.md

请注意，无论是通过变基，还是通过三方合并，整合的最终结果所指向的快照始终是一样的，只不过提交历史不同罢了。 变基是将一系列提交按照原有次序依次应用到另一分支上，而合并是把最终结果合在一起。

请注意，无论是通过变基，还是通过三方合并，整合的最终结果所指向的快照始终是一样的，只不过提交历史不同罢了。 变基是将一系列提交按照原有次序依次应用到另一分支上，而合并是把最终结果合在一起。

